../Application/User/hx711.c:13:6:hx711_delay_us	0	static,ignoring_inline_asm
../Application/User/hx711.c:27:6:hx711_lock	8	static
../Application/User/hx711.c:34:6:hx711_unlock	0	static
../Application/User/hx711.c:67:9:hx711_value	16	static
../Application/User/hx711.c:39:6:hx711_init	64	static
../Application/User/hx711.c:95:9:hx711_value_ave	24	static
../Application/User/hx711.c:109:6:hx711_tare	24	static
../Application/User/hx711.c:122:6:hx711_calibration	24	static
../Application/User/hx711.c:130:7:hx711_weight	24	static
../Application/User/hx711.c:145:6:hx711_coef_set	0	static
../Application/User/hx711.c:150:7:hx711_coef_get	0	static
../Application/User/hx711.c:155:6:hx711_power_down	8	static
../Application/User/hx711.c:162:6:hx711_power_up	0	static
