D:/3.2/ES/Project/FinalProject/Core/Src/main.c:1160:6:StartDefaultTask	0	static
D:/3.2/ES/Project/FinalProject/Core/Src/main.c:1048:13:SPI5_Write	16	static
D:/3.2/ES/Project/FinalProject/Core/Src/main.c:1184:6:StartWeighingTask	24	static
D:/3.2/ES/Project/FinalProject/Core/Src/main.c:1248:6:StartuartTask	56	static
D:/3.2/ES/Project/FinalProject/Core/Src/main.c:202:5:DetectedCard	16	static
D:/3.2/ES/Project/FinalProject/Core/Src/main.c:1217:6:StartTask04	16	static
D:/3.2/ES/Project/FinalProject/Core/Src/main.c:331:6:SystemClock_Config	96	static
D:/3.2/ES/Project/FinalProject/Core/Src/main.c:222:5:main	120	static
D:/3.2/ES/Project/FinalProject/Core/Src/main.c:892:6:IOE_Init	0	static
D:/3.2/ES/Project/FinalProject/Core/Src/main.c:901:6:IOE_ITConfig	0	static
D:/3.2/ES/Project/FinalProject/Core/Src/main.c:913:6:IOE_Write	32	static
D:/3.2/ES/Project/FinalProject/Core/Src/main.c:924:9:IOE_Read	32	static
D:/3.2/ES/Project/FinalProject/Core/Src/main.c:937:10:IOE_ReadMultiple	24	static
D:/3.2/ES/Project/FinalProject/Core/Src/main.c:946:6:IOE_Delay	0	static
D:/3.2/ES/Project/FinalProject/Core/Src/main.c:1074:6:LCD_IO_Init	8	static
D:/3.2/ES/Project/FinalProject/Core/Src/main.c:1084:6:LCD_IO_WriteData	16	static
D:/3.2/ES/Project/FinalProject/Core/Src/main.c:1100:6:LCD_IO_WriteReg	16	static
D:/3.2/ES/Project/FinalProject/Core/Src/main.c:1119:10:LCD_IO_ReadData	32	static
D:/3.2/ES/Project/FinalProject/Core/Src/main.c:1146:6:LCD_Delay	0	static
D:/3.2/ES/Project/FinalProject/Core/Src/main.c:1276:6:HAL_TIM_PeriodElapsedCallback	0	static
D:/3.2/ES/Project/FinalProject/Core/Src/main.c:1294:6:Error_Handler	0	static
