D:/3.2/ES/Project/FinalProject/Core/Src/main.c:1160:6:StartDefaultTask	1
D:/3.2/ES/Project/FinalProject/Core/Src/main.c:1048:13:SPI5_Write	1
D:/3.2/ES/Project/FinalProject/Core/Src/main.c:1184:6:StartWeighingTask	2
D:/3.2/ES/Project/FinalProject/Core/Src/main.c:1248:6:StartuartTask	2
D:/3.2/ES/Project/FinalProject/Core/Src/main.c:202:5:DetectedCard	2
D:/3.2/ES/Project/FinalProject/Core/Src/main.c:1217:6:StartTask04	2
D:/3.2/ES/Project/FinalProject/Core/Src/main.c:331:6:SystemClock_Config	1
D:/3.2/ES/Project/FinalProject/Core/Src/main.c:222:5:main	2
D:/3.2/ES/Project/FinalProject/Core/Src/main.c:892:6:IOE_Init	1
D:/3.2/ES/Project/FinalProject/Core/Src/main.c:901:6:IOE_ITConfig	1
D:/3.2/ES/Project/FinalProject/Core/Src/main.c:913:6:IOE_Write	1
D:/3.2/ES/Project/FinalProject/Core/Src/main.c:924:9:IOE_Read	1
D:/3.2/ES/Project/FinalProject/Core/Src/main.c:937:10:IOE_ReadMultiple	1
D:/3.2/ES/Project/FinalProject/Core/Src/main.c:946:6:IOE_Delay	1
D:/3.2/ES/Project/FinalProject/Core/Src/main.c:1074:6:LCD_IO_Init	1
D:/3.2/ES/Project/FinalProject/Core/Src/main.c:1084:6:LCD_IO_WriteData	1
D:/3.2/ES/Project/FinalProject/Core/Src/main.c:1100:6:LCD_IO_WriteReg	1
D:/3.2/ES/Project/FinalProject/Core/Src/main.c:1119:10:LCD_IO_ReadData	1
D:/3.2/ES/Project/FinalProject/Core/Src/main.c:1146:6:LCD_Delay	1
D:/3.2/ES/Project/FinalProject/Core/Src/main.c:1276:6:HAL_TIM_PeriodElapsedCallback	2
D:/3.2/ES/Project/FinalProject/Core/Src/main.c:1294:6:Error_Handler	1
