../../Middlewares/ST/touchgfx/framework/include/touchgfx/Screen.hpp:104:18:virtual void touchgfx::Screen::afterTransition()	0	static
../../Middlewares/ST/touchgfx/framework/include/touchgfx/Screen.hpp:144:18:virtual void touchgfx::Screen::handleTickEvent()	0	static
../../Middlewares/ST/touchgfx/framework/include/touchgfx/Screen.hpp:154:18:virtual void touchgfx::Screen::handleKeyEvent(uint8_t)	0	static
D:/3.2/ES/Project/FinalProject/TouchGFX/gui/src/dashboard_screen/DashboardView.cpp:13:6:virtual void DashboardView::tearDownScreen()	0	static
../../TouchGFX/gui/include/gui/dashboard_screen/DashboardView.hpp:11:13:DashboardView::~DashboardView()	8	static
../../TouchGFX/gui/include/gui/dashboard_screen/DashboardView.hpp:11:13:virtual DashboardView::~DashboardView()	8	static
D:/3.2/ES/Project/FinalProject/TouchGFX/gui/src/dashboard_screen/DashboardView.cpp:3:1:DashboardView::DashboardView()	8	static
D:/3.2/ES/Project/FinalProject/TouchGFX/gui/src/dashboard_screen/DashboardView.cpp:8:6:virtual void DashboardView::setupScreen()	0	static
