../../TouchGFX/gui/include/gui/model/ModelListener.hpp:17:18:virtual void ModelListener::updateWeight(float)	0	static
../../TouchGFX/gui/include/gui/historyscreen_screen/HistoryScreenPresenter.hpp:28:13:HistoryScreenPresenter::~HistoryScreenPresenter()	0	static
D:/3.2/ES/Project/FinalProject/TouchGFX/gui/src/historyscreen_screen/HistoryScreenPresenter.cpp:10:6:virtual void HistoryScreenPresenter::activate()	0	static
../../TouchGFX/gui/include/gui/historyscreen_screen/HistoryScreenPresenter.hpp:28:13:virtual HistoryScreenPresenter::~HistoryScreenPresenter()	8	static
../../TouchGFX/gui/include/gui/historyscreen_screen/HistoryScreenPresenter.hpp:28:13:virtual void* HistoryScreenPresenter::_ZThn4_N22HistoryScreenPresenterD1Ev()	0	static
D:/3.2/ES/Project/FinalProject/TouchGFX/gui/src/historyscreen_screen/HistoryScreenPresenter.cpp:4:1:HistoryScreenPresenter::HistoryScreenPresenter(HistoryScreenView&)	0	static
