../../Middlewares/ST/touchgfx/framework/include/touchgfx/Screen.hpp:104:18:virtual void touchgfx::Screen::afterTransition()	0	static
../../Middlewares/ST/touchgfx/framework/include/touchgfx/Screen.hpp:144:18:virtual void touchgfx::Screen::handleTickEvent()	0	static
../../Middlewares/ST/touchgfx/framework/include/touchgfx/Screen.hpp:154:18:virtual void touchgfx::Screen::handleKeyEvent(uint8_t)	0	static
D:/3.2/ES/Project/FinalProject/TouchGFX/gui/src/historyscreen_screen/HistoryScreenView.cpp:13:6:virtual void HistoryScreenView::tearDownScreen()	0	static
../../TouchGFX/gui/include/gui/historyscreen_screen/HistoryScreenView.hpp:11:13:HistoryScreenView::~HistoryScreenView()	8	static
../../TouchGFX/gui/include/gui/historyscreen_screen/HistoryScreenView.hpp:11:13:virtual HistoryScreenView::~HistoryScreenView()	8	static
D:/3.2/ES/Project/FinalProject/TouchGFX/gui/src/historyscreen_screen/HistoryScreenView.cpp:3:1:HistoryScreenView::HistoryScreenView()	8	static
D:/3.2/ES/Project/FinalProject/TouchGFX/gui/src/historyscreen_screen/HistoryScreenView.cpp:8:6:virtual void HistoryScreenView::setupScreen()	0	static
