../../TouchGFX/gui/include/gui/model/ModelListener.hpp:17:18:virtual void ModelListener::updateWeight(float)	0	static
../../TouchGFX/gui/include/gui/menu_screen/MenuPresenter.hpp:28:13:MenuPresenter::~MenuPresenter()	0	static
D:/3.2/ES/Project/FinalProject/TouchGFX/gui/src/menu_screen/MenuPresenter.cpp:10:6:virtual void MenuPresenter::activate()	0	static
../../TouchGFX/gui/include/gui/menu_screen/MenuPresenter.hpp:28:13:virtual MenuPresenter::~MenuPresenter()	8	static
../../TouchGFX/gui/include/gui/menu_screen/MenuPresenter.hpp:28:13:virtual void* MenuPresenter::_ZThn4_N13MenuPresenterD1Ev()	0	static
D:/3.2/ES/Project/FinalProject/TouchGFX/gui/src/menu_screen/MenuPresenter.cpp:4:1:MenuPresenter::MenuPresenter(MenuView&)	0	static
