../../Middlewares/ST/touchgfx/framework/include/touchgfx/Screen.hpp:104:18:virtual void touchgfx::Screen::afterTransition()	0	static
../../Middlewares/ST/touchgfx/framework/include/touchgfx/Screen.hpp:154:18:virtual void touchgfx::Screen::handleKeyEvent(uint8_t)	0	static
D:/3.2/ES/Project/FinalProject/TouchGFX/gui/src/waitforscan_screen/WaitForScanView.cpp:18:6:virtual void WaitForScanView::tearDownScreen()	0	static
../../TouchGFX/gui/include/gui/waitforscan_screen/WaitForScanView.hpp:11:13:WaitForScanView::~WaitForScanView()	8	static
../../TouchGFX/gui/include/gui/waitforscan_screen/WaitForScanView.hpp:11:13:virtual WaitForScanView::~WaitForScanView()	8	static
D:/3.2/ES/Project/FinalProject/TouchGFX/gui/src/waitforscan_screen/WaitForScanView.cpp:24:6:virtual void WaitForScanView::checkCard()	24	static
D:/3.2/ES/Project/FinalProject/TouchGFX/gui/src/waitforscan_screen/WaitForScanView.cpp:7:1:WaitForScanView::WaitForScanView()	8	static
D:/3.2/ES/Project/FinalProject/TouchGFX/gui/src/waitforscan_screen/WaitForScanView.cpp:12:6:virtual void WaitForScanView::setupScreen()	8	static
